// Jest Snapshot v1, https://goo.gl/fbAQLP

exports[`rollup should create atomizer css 1`] = `
".Bdrs\\\\(\\\\.5rem\\\\) {
  border-radius: .5rem;
}
.Bgc\\\\(backgroundColor\\\\) {
  background-color: #333;
}
.C\\\\(textColor\\\\) {
  color: #fff;
}
.Ff\\\\(ss\\\\) {
  font-family: Helvetica, Arial, sans-serif;
}
.Fw\\\\(b\\\\) {
  font-weight: bold;
}
.Fz\\\\(2rem\\\\) {
  font-size: 2rem;
}
.Lh\\\\(1\\\\.5\\\\) {
  line-height: 1.5;
}
.Mx\\\\(a\\\\) {
  margin-left: auto;
  margin-right: auto;
}
.Px\\\\(1rem\\\\) {
  padding-left: 1rem;
  padding-right: 1rem;
}
.Py\\\\(\\\\.1rem\\\\) {
  padding-top: .1rem;
  padding-bottom: .1rem;
}
.W\\\\(35vw\\\\) {
  width: 35vw;
}
"
`;
