{
  "display": {
    "ib": true,
    "b": true
  },
  "font-size": {
    "custom": [
      {
        "suffix": "13px",
        "values": [
          "13px"
        ]
      }
    ]
  },
  "padding": {
    "custom": [
      {
        "suffix": "10px",
        "values": [
          "10px"
        ]
      }
    ]
  },
  "color": {
    "custom": [
      {
        "suffix": "fff",
        "values": [
          "#fff"
        ]
      }
    ]
  },
  "height": {
    "custom": [
      {
        "suffix": "100%",
        "values": [
          "100%"
        ]
      }
    ]
  },
  "width": {
    "custom": [
      {
        "suffix": "500px",
        "values": [
          "500px"
        ]
      }
    ]
  },
  "border-top": {
    "custom": [
      {
        "suffix": "1",
        "values": [
          "1px solid #ccc"
        ]
      }
    ]
  },
  "breakPoints": {
    "sm": "767px",
    "md": "992px",
    "lg": "1200px"
  }
}